2025-11-16T17:15:10: Exposing D:\smart\frontend\build directory on 0.0.0.0:3000
2025-11-24T17:53:06: Error: listen EADDRINUSE: address already in use 0.0.0.0:3000
2025-11-24T17:53:06:     at Server.setupListenHandle [as _listen2] (node:net:1940:16)
2025-11-24T17:53:06:     at listenInCluster (node:net:1997:12)
2025-11-24T17:53:06:     at node:net:2206:7
2025-11-24T17:53:06:     at process.processTicksAndRejections (node:internal/process/task_queues:90:21) {
2025-11-24T17:53:06:   code: 'EADDRINUSE',
2025-11-24T17:53:06:   errno: -4091,
2025-11-24T17:53:06:   syscall: 'listen',
2025-11-24T17:53:06:   address: '0.0.0.0',
2025-11-24T17:53:06:   port: 3000
2025-11-24T17:53:06: }
2025-11-24T17:53:06: Error: listen EADDRINUSE: address already in use 0.0.0.0:3000
2025-11-24T17:53:06:     at Server.setupListenHandle [as _listen2] (node:net:1940:16)
2025-11-24T17:53:06:     at listenInCluster (node:net:1997:12)
2025-11-24T17:53:06:     at node:net:2206:7
2025-11-24T17:53:06:     at process.processTicksAndRejections (node:internal/process/task_queues:90:21) {
2025-11-24T17:53:06:   code: 'EADDRINUSE',
2025-11-24T17:53:06:   errno: -4091,
2025-11-24T17:53:06:   syscall: 'listen',
2025-11-24T17:53:06:   address: '0.0.0.0',
2025-11-24T17:53:06:   port: 3000
2025-11-24T17:53:06: }
2025-11-24T17:53:06: Error: listen EADDRINUSE: address already in use 0.0.0.0:3000
2025-11-24T17:53:06:     at Server.setupListenHandle [as _listen2] (node:net:1940:16)
2025-11-24T17:53:06:     at listenInCluster (node:net:1997:12)
2025-11-24T17:53:06:     at node:net:2206:7
2025-11-24T17:53:06:     at process.processTicksAndRejections (node:internal/process/task_queues:90:21) {
2025-11-24T17:53:06:   code: 'EADDRINUSE',
2025-11-24T17:53:06:   errno: -4091,
2025-11-24T17:53:06:   syscall: 'listen',
2025-11-24T17:53:06:   address: '0.0.0.0',
2025-11-24T17:53:06:   port: 3000
2025-11-24T17:53:06: }
2025-11-24T17:53:06: Error: listen EADDRINUSE: address already in use 0.0.0.0:3000
2025-11-24T17:53:06:     at Server.setupListenHandle [as _listen2] (node:net:1940:16)
2025-11-24T17:53:06:     at listenInCluster (node:net:1997:12)
2025-11-24T17:53:06:     at node:net:2206:7
2025-11-24T17:53:06:     at process.processTicksAndRejections (node:internal/process/task_queues:90:21) {
2025-11-24T17:53:06:   code: 'EADDRINUSE',
2025-11-24T17:53:06:   errno: -4091,
2025-11-24T17:53:06:   syscall: 'listen',
2025-11-24T17:53:06:   address: '0.0.0.0',
2025-11-24T17:53:06:   port: 3000
2025-11-24T17:53:06: }
2025-11-24T17:53:07: Error: listen EADDRINUSE: address already in use 0.0.0.0:3000
2025-11-24T17:53:07:     at Server.setupListenHandle [as _listen2] (node:net:1940:16)
2025-11-24T17:53:07:     at listenInCluster (node:net:1997:12)
2025-11-24T17:53:07:     at node:net:2206:7
2025-11-24T17:53:07:     at process.processTicksAndRejections (node:internal/process/task_queues:90:21) {
2025-11-24T17:53:07:   code: 'EADDRINUSE',
2025-11-24T17:53:07:   errno: -4091,
2025-11-24T17:53:07:   syscall: 'listen',
2025-11-24T17:53:07:   address: '0.0.0.0',
2025-11-24T17:53:07:   port: 3000
2025-11-24T17:53:07: }
